Archive member included to satisfy reference by file (symbol)

C:/Program Files (x86)/Arm GNU Toolchain arm-none-eabi/13.2 Rel1/bin/../lib/gcc/arm-none-eabi/13.2.1/thumb/v6-m/nofp\libgcc.a(_dvmd_tls.o)
                              CMakeFiles/antares_flight_computer.dir/C_/pi_sdk/pico-sdk/src/rp2_common/pico_divider/divider.S.obj (__aeabi_idiv0)
C:/Program Files (x86)/Arm GNU Toolchain arm-none-eabi/13.2 Rel1/bin/../lib/gcc/arm-none-eabi/13.2.1/thumb/v6-m/nofp\libc.a(libc_a-calloc.o)
                              CMakeFiles/antares_flight_computer.dir/C_/pi_sdk/pico-sdk/src/rp2_common/pico_malloc/pico_malloc.c.obj (calloc)
C:/Program Files (x86)/Arm GNU Toolchain arm-none-eabi/13.2 Rel1/bin/../lib/gcc/arm-none-eabi/13.2.1/thumb/v6-m/nofp\libc.a(libc_a-callocr.o)
                              C:/Program Files (x86)/Arm GNU Toolchain arm-none-eabi/13.2 Rel1/bin/../lib/gcc/arm-none-eabi/13.2.1/thumb/v6-m/nofp\libc.a(libc_a-calloc.o) (_calloc_r)
C:/Program Files (x86)/Arm GNU Toolchain arm-none-eabi/13.2 Rel1/bin/../lib/gcc/arm-none-eabi/13.2.1/thumb/v6-m/nofp\libc.a(libc_a-malloc.o)
                              CMakeFiles/antares_flight_computer.dir/C_/pi_sdk/pico-sdk/src/rp2_common/pico_malloc/pico_malloc.c.obj (malloc)
C:/Program Files (x86)/Arm GNU Toolchain arm-none-eabi/13.2 Rel1/bin/../lib/gcc/arm-none-eabi/13.2.1/thumb/v6-m/nofp\libc.a(libc_a-mallocr.o)
                              C:/Program Files (x86)/Arm GNU Toolchain arm-none-eabi/13.2 Rel1/bin/../lib/gcc/arm-none-eabi/13.2.1/thumb/v6-m/nofp\libc.a(libc_a-callocr.o) (_malloc_r)
C:/Program Files (x86)/Arm GNU Toolchain arm-none-eabi/13.2 Rel1/bin/../lib/gcc/arm-none-eabi/13.2.1/thumb/v6-m/nofp\libc.a(libc_a-mlock.o)
                              C:/Program Files (x86)/Arm GNU Toolchain arm-none-eabi/13.2 Rel1/bin/../lib/gcc/arm-none-eabi/13.2.1/thumb/v6-m/nofp\libc.a(libc_a-mallocr.o) (__malloc_lock)
C:/Program Files (x86)/Arm GNU Toolchain arm-none-eabi/13.2 Rel1/bin/../lib/gcc/arm-none-eabi/13.2.1/thumb/v6-m/nofp\libc.a(libc_a-realloc.o)
                              CMakeFiles/antares_flight_computer.dir/C_/pi_sdk/pico-sdk/src/rp2_common/pico_malloc/pico_malloc.c.obj (realloc)
C:/Program Files (x86)/Arm GNU Toolchain arm-none-eabi/13.2 Rel1/bin/../lib/gcc/arm-none-eabi/13.2.1/thumb/v6-m/nofp\libc.a(libc_a-reallocr.o)
                              C:/Program Files (x86)/Arm GNU Toolchain arm-none-eabi/13.2 Rel1/bin/../lib/gcc/arm-none-eabi/13.2.1/thumb/v6-m/nofp\libc.a(libc_a-realloc.o) (_realloc_r)
C:/Program Files (x86)/Arm GNU Toolchain arm-none-eabi/13.2 Rel1/bin/../lib/gcc/arm-none-eabi/13.2.1/thumb/v6-m/nofp\libc.a(libc_a-memmove.o)
                              C:/Program Files (x86)/Arm GNU Toolchain arm-none-eabi/13.2 Rel1/bin/../lib/gcc/arm-none-eabi/13.2.1/thumb/v6-m/nofp\libc.a(libc_a-reallocr.o) (memmove)
C:/Program Files (x86)/Arm GNU Toolchain arm-none-eabi/13.2 Rel1/bin/../lib/gcc/arm-none-eabi/13.2.1/thumb/v6-m/nofp\libc.a(libc_a-impure.o)
                              C:/Program Files (x86)/Arm GNU Toolchain arm-none-eabi/13.2 Rel1/bin/../lib/gcc/arm-none-eabi/13.2.1/thumb/v6-m/nofp\libc.a(libc_a-calloc.o) (_impure_ptr)
C:/Program Files (x86)/Arm GNU Toolchain arm-none-eabi/13.2 Rel1/bin/../lib/gcc/arm-none-eabi/13.2.1/thumb/v6-m/nofp\libc.a(libc_a-sbrkr.o)
                              C:/Program Files (x86)/Arm GNU Toolchain arm-none-eabi/13.2 Rel1/bin/../lib/gcc/arm-none-eabi/13.2.1/thumb/v6-m/nofp\libc.a(libc_a-mallocr.o) (_sbrk_r)
C:/Program Files (x86)/Arm GNU Toolchain arm-none-eabi/13.2 Rel1/bin/../lib/gcc/arm-none-eabi/13.2.1/thumb/v6-m/nofp\libc.a(libc_a-errno.o)
                              C:/Program Files (x86)/Arm GNU Toolchain arm-none-eabi/13.2 Rel1/bin/../lib/gcc/arm-none-eabi/13.2.1/thumb/v6-m/nofp\libc.a(libc_a-callocr.o) (__errno)
C:/Program Files (x86)/Arm GNU Toolchain arm-none-eabi/13.2 Rel1/bin/../lib/gcc/arm-none-eabi/13.2.1/thumb/v6-m/nofp\libc.a(libc_a-init.o)
                              C:/Program Files (x86)/Arm GNU Toolchain arm-none-eabi/13.2 Rel1/bin/../lib/gcc/arm-none-eabi/13.2.1/thumb/v6-m/nofp/crt0.o (__libc_init_array)
C:/Program Files (x86)/Arm GNU Toolchain arm-none-eabi/13.2 Rel1/bin/../lib/gcc/arm-none-eabi/13.2.1/thumb/v6-m/nofp\libc.a(libc_a-lock.o)
                              C:/Program Files (x86)/Arm GNU Toolchain arm-none-eabi/13.2 Rel1/bin/../lib/gcc/arm-none-eabi/13.2.1/thumb/v6-m/nofp\libc.a(libc_a-mlock.o) (__retarget_lock_acquire_recursive)
C:/Program Files (x86)/Arm GNU Toolchain arm-none-eabi/13.2 Rel1/bin/../lib/gcc/arm-none-eabi/13.2.1/thumb/v6-m/nofp\libc.a(libc_a-sysconf.o)
                              C:/Program Files (x86)/Arm GNU Toolchain arm-none-eabi/13.2 Rel1/bin/../lib/gcc/arm-none-eabi/13.2.1/thumb/v6-m/nofp\libc.a(libc_a-mallocr.o) (sysconf)
C:/Program Files (x86)/Arm GNU Toolchain arm-none-eabi/13.2 Rel1/bin/../lib/gcc/arm-none-eabi/13.2.1/thumb/v6-m/nofp\libc.a(libc_a-strlen-stub.o)
[...]
Memory Configuration

Name             Origin             Length             Attributes
FLASH            0x10000000         0x00200000         xr
RAM              0x20000000         0x00040000         xrw
SCRATCH_X        0x20040000         0x00001000         xrw
SCRATCH_Y        0x20041000         0x00001000         xrw
*default*        0x00000000         0xffffffff

Linker script and memory map

LOAD C:/Program Files (x86)/Arm GNU Toolchain arm-none-eabi/13.2 Rel1/bin/../lib/gcc/arm-none-eabi/13.2.1/thumb/v6-m/nofp/crti.o
LOAD C:/Program Files (x86)/Arm GNU Toolchain arm-none-eabi/13.2 Rel1/bin/../lib/gcc/arm-none-eabi/13.2.1/thumb/v6-m/nofp/crtbegin.o
LOAD C:/Program Files (x86)/Arm GNU Toolchain arm-none-eabi/13.2 Rel1/bin/../lib/gcc/arm-none-eabi/13.2.1/thumb/v6-m/nofp/crt0.o

.flash_begin    0x10000000        0x0
                0x10000000                        __flash_binary_start = .

.boot2          0x10000000      0x100
                0x10000000                        __boot2_start__ = .
 *(.boot2)
 .boot2         0x10000000      0x100 C:\Users\brian\AppData\Local\Temp\ccc1oE4a.o
                0x10000100                        __boot2_end__ = .
                0x00000001                        ASSERT (((__boot2_end__ - __boot2_start__) == 0x100), ERROR: Pico second stage bootloader must be 256 bytes in size)

.text           0x10000100     0x1cf0
                0x10000100                        __logical_binary_start = .
 *(.vectors)
 .vectors       0x10000100       0xd4 CMakeFiles/antares_flight_computer.dir/C_/pi_sdk/pico-sdk/src/rp2_common/pico_standard_link/crt0.S.obj
                0x10000100                __VECTOR_TABLE
                0x10000100                __vectors
                0x100001c0                isr_invalid
                0x100001c0                __default_isrs_start
                0x100001c2                isr_nmi
                0x100001c4                isr_hardfault
                0x100001c6                isr_svcall
                0x100001c8                isr_pendsv
                0x100001ca                isr_systick
                0x100001cc                isr_irq23
                0x100001cc                isr_irq18
                0x100001cc                isr_irq11
                0x100001cc                isr_irq28
                0x100001cc                isr_irq19
                0x100001cc                isr_irq0
                0x100001cc                isr_irq6
                0x100001cc                isr_irq5
                0x100001cc                isr_irq12
                0x100001cc                isr_irq22
                0x100001cc                isr_irq31
                0x100001cc                isr_irq17
                0x100001cc                isr_irq27
                0x100001cc                isr_irq30
                0x100001cc                isr_irq2
                0x100001cc                isr_irq10
                0x100001cc                isr_irq8
                0x100001cc                isr_irq24
                0x100001cc                isr_irq1
                0x100001cc                isr_irq7
                0x100001cc                isr_irq21
                0x100001cc                isr_irq20
                0x100001cc                isr_irq15
                0x100001cc                isr_irq25
                0x100001cc                isr_irq13
                0x100001cc                __unhandled_user_irq
                0x100001cc                isr_irq4
                0x100001cc                isr_irq16
                0x100001cc                isr_irq29
                0x100001cc                isr_irq26
                0x100001cc                __default_isrs_end
                0x100001cc                isr_irq3
                0x100001cc                isr_irq14
                0x100001cc                isr_irq9
                0x100001d2                unhandled_user_irq_num_in_r0
 *(.binary_info_header)
 .binary_info_header
                0x100001d4       0x14 CMakeFiles/antares_flight_computer.dir/C_/pi_sdk/pico-sdk/src/rp2_common/pico_standard_link/crt0.S.obj
                0x100001e8                        __binary_info_header_end = .
 *(.reset)
 .reset         0x100001e8       0xa0 CMakeFiles/antares_flight_computer.dir/C_/pi_sdk/pico-sdk/src/rp2_common/pico_standard_link/crt0.S.obj
                0x100001e8                _entry_point
 .reset         0x10000288       0x30 CMakeFiles/antares_flight_computer.dir/C_/pi_sdk/pico-sdk/src/rp2_common/pico_standard_link/binary_info.c.obj
 *(.init)
 .init          0x100002b8        0x4 C:/Program Files (x86)/Arm GNU Toolchain arm-none-eabi/13.2 Rel1/bin/../lib/gcc/arm-none-eabi/13.2.1/thumb/v6-m/nofp/crti.o
                0x100002b8                _init
 *(EXCLUDE_FILE(*libm.a: *libc.a:*lib_a-mem*.o *libgcc.a:) .text*)
 .text.register_tm_clones
                0x100002bc       0x28 C:/Program Files (x86)/Arm GNU Toolchain arm-none-eabi/13.2 Rel1/bin/../lib/gcc/arm-none-eabi/13.2.1/thumb/v6-m/nofp/crtbegin.o
 .text.frame_dummy
                0x100002e4       0x24 C:/Program Files (x86)/Arm GNU Toolchain arm-none-eabi/13.2 Rel1/bin/../lib/gcc/arm-none-eabi/13.2.1/thumb/v6-m/nofp/crtbegin.o
 .text._Z10core1_mainv
                0x10000308        0x4 CMakeFiles/antares_flight_computer.dir/src/main/main.cpp.obj
                0x10000308                core1_main()
 .text.startup.main
                0x1000030c       0x10 CMakeFiles/antares_flight_computer.dir/src/main/main.cpp.obj
                0x1000030c                main
 .text.running_on_fpga
                0x1000031c       0x10 CMakeFiles/antares_flight_computer.dir/C_/pi_sdk/pico-sdk/src/rp2_common/pico_platform/platform.c.obj
                0x1000031c                running_on_fpga
 .text.hw_claim_or_assert
                0x1000032c       0x44 CMakeFiles/antares_flight_computer.dir/C_/pi_sdk/pico-sdk/src/rp2_common/hardware_claim/claim.c.obj
                0x1000032c                hw_claim_or_assert
 .text.spin_locks_reset
                0x10000370       0x1c CMakeFiles/antares_flight_computer.dir/C_/pi_sdk/pico-sdk/src/rp2_common/hardware_sync/sync.c.obj
                0x10000370                spin_locks_reset
 .text.next_striped_spin_lock_num
                0x1000038c       0x18 CMakeFiles/antares_flight_computer.dir/C_/pi_sdk/pico-sdk/src/rp2_common/hardware_sync/sync.c.obj
                0x1000038c                next_striped_spin_lock_num
 .text.irq_set_enabled
                0x100003a4       0x24 CMakeFiles/antares_flight_computer.dir/C_/pi_sdk/pico-sdk/src/rp2_common/hardware_irq/irq.c.obj
                0x100003a4                irq_set_enabled
 .text.irq_is_enabled
                0x100003c8       0x18 CMakeFiles/antares_flight_computer.dir/C_/pi_sdk/pico-sdk/src/rp2_common/hardware_irq/irq.c.obj
                0x100003c8                irq_is_enabled
 .text.irq_get_vtable_handler
                0x100003e0       0x10 CMakeFiles/antares_flight_computer.dir/C_/pi_sdk/pico-sdk/src/rp2_common/hardware_irq/irq.c.obj
                0x100003e0                irq_get_vtable_handler
 .text.irq_set_exclusive_handler
                0x100003f0       0x54 CMakeFiles/antares_flight_computer.dir/C_/pi_sdk/pico-sdk/src/rp2_common/hardware_irq/irq.c.obj
                0x100003f0                irq_set_exclusive_handler
 .text.irq_remove_handler
                0x10000444      0x1c4 CMakeFiles/antares_flight_computer.dir/C_/pi_sdk/pico-sdk/src/rp2_common/hardware_irq/irq.c.obj
                0x10000444                irq_remove_handler
 .text.irq_add_tail_to_free_list
                0x10000608       0xb4 CMakeFiles/antares_flight_computer.dir/C_/pi_sdk/pico-sdk/src/rp2_common/hardware_irq/irq.c.obj
                0x10000608                irq_add_tail_to_free_list
 .text.irq_init_priorities
                0x100006bc       0x24 CMakeFiles/antares_flight_computer.dir/C_/pi_sdk/pico-sdk/src/rp2_common/hardware_irq/irq.c.obj
                0x100006bc                irq_init_priorities
 .text.lock_init
                0x100006e0       0x10 CMakeFiles/antares_flight_computer.dir/C_/pi_sdk/pico-sdk/src/common/pico_sync/lock_core.c.obj
                0x100006e0                lock_init
 .text.mutex_init
                0x100006f0       0x1c CMakeFiles/antares_flight_computer.dir/C_/pi_sdk/pico-sdk/src/common/pico_sync/mutex.c.obj
                0x100006f0                mutex_init
 .text.recursive_mutex_init
                0x1000070c       0x1c CMakeFiles/antares_flight_computer.dir/C_/pi_sdk/pico-sdk/src/common/pico_sync/mutex.c.obj
                0x1000070c                recursive_mutex_init
 .text.timer_pool_entry_comparator
                0x10000728       0x34 CMakeFiles/antares_flight_computer.dir/C_/pi_sdk/pico-sdk/src/common/pico_time/time.c.obj
                0x10000728                timer_pool_entry_comparator
 .text.sleep_until_callback
                0x1000075c       0x30 CMakeFiles/antares_flight_computer.dir/C_/pi_sdk/pico-sdk/src/common/pico_time/time.c.obj
 .text.add_alarm_under_lock.isra.0
                0x1000078c      0x100 CMakeFiles/antares_flight_computer.dir/C_/pi_sdk/pico-sdk/src/common/pico_time/time.c.obj
 .text.alarm_pool_alarm_callback
                0x1000088c      0x1c0 CMakeFiles/antares_flight_computer.dir/C_/pi_sdk/pico-sdk/src/common/pico_time/time.c.obj
 .text.alarm_pool_init_default
                0x10000a4c       0x6c CMakeFiles/antares_flight_computer.dir/C_/pi_sdk/pico-sdk/src/common/pico_time/time.c.obj
                0x10000a4c                alarm_pool_init_default
 .text.alarm_pool_add_alarm_at
                0x10000ab8      0x17c CMakeFiles/antares_flight_computer.dir/C_/pi_sdk/pico-sdk/src/common/pico_time/time.c.obj
                0x10000ab8                alarm_pool_add_alarm_at
 .text.best_effort_wfe_or_timeout
                0x10000c34       0xcc CMakeFiles/antares_flight_computer.dir/C_/pi_sdk/pico-sdk/src/common/pico_time/time.c.obj
                0x10000c34                best_effort_wfe_or_timeout
 .text.hardware_alarm_irq_handler
                0x10000d00       0xbc CMakeFiles/antares_flight_computer.dir/C_/pi_sdk/pico-sdk/src/rp2_common/hardware_timer/timer.c.obj
 .text.hardware_alarm_claim
                0x10000dbc       0x18 CMakeFiles/antares_flight_computer.dir/C_/pi_sdk/pico-sdk/src/rp2_common/hardware_timer/timer.c.obj
                0x10000dbc                hardware_alarm_claim
 .text.time_us_64
                0x10000dd4       0x14 CMakeFiles/antares_flight_computer.dir/C_/pi_sdk/pico-sdk/src/rp2_common/hardware_timer/timer.c.obj
                0x10000dd4                time_us_64
 .text.hardware_alarm_set_callback
                0x10000de8       0x8c CMakeFiles/antares_flight_computer.dir/C_/pi_sdk/pico-sdk/src/rp2_common/hardware_timer/timer.c.obj
                0x10000de8                hardware_alarm_set_callback
 .text.hardware_alarm_set_target
                0x10000e74       0xd0 CMakeFiles/antares_flight_computer.dir/C_/pi_sdk/pico-sdk/src/rp2_common/hardware_timer/timer.c.obj
                0x10000e74                hardware_alarm_set_target
 .text.hardware_alarm_cancel
                0x10000f44       0x3c CMakeFiles/antares_flight_computer.dir/C_/pi_sdk/pico-sdk/src/rp2_common/hardware_timer/timer.c.obj
                0x10000f44                hardware_alarm_cancel
 .text.ph_merge_nodes
                0x10000f80       0x58 CMakeFiles/antares_flight_computer.dir/C_/pi_sdk/pico-sdk/src/common/pico_util/pheap.c.obj
 .text.ph_post_alloc_init
                0x10000fd8       0x3c CMakeFiles/antares_flight_computer.dir/C_/pi_sdk/pico-sdk/src/common/pico_util/pheap.c.obj
                0x10000fd8                ph_post_alloc_init
 .text.ph_merge_two_pass
                0x10001014       0x8c CMakeFiles/antares_flight_computer.dir/C_/pi_sdk/pico-sdk/src/common/pico_util/pheap.c.obj
                0x10001014                ph_merge_two_pass
 .text.ph_remove_any_head
                0x100010a0      0x100 CMakeFiles/antares_flight_computer.dir/C_/pi_sdk/pico-sdk/src/common/pico_util/pheap.c.obj
 .text.ph_remove_head
                0x100011a0      0x104 CMakeFiles/antares_flight_computer.dir/C_/pi_sdk/pico-sdk/src/common/pico_util/pheap.c.obj
                0x100011a0                ph_remove_head
 .text.ph_remove_and_free_node
                0x100012a4       0x78 CMakeFiles/antares_flight_computer.dir/C_/pi_sdk/pico-sdk/src/common/pico_util/pheap.c.obj
                0x100012a4                ph_remove_and_free_node
 .text.clocks_init
                0x1000131c      0x2c8 CMakeFiles/antares_flight_computer.dir/C_/pi_sdk/pico-sdk/src/rp2_common/hardware_clocks/clocks.c.obj
                0x1000131c                clocks_init
 .text.pll_init
                0x100015e4       0xa4 CMakeFiles/antares_flight_computer.dir/C_/pi_sdk/pico-sdk/src/rp2_common/hardware_pll/pll.c.obj
                0x100015e4                pll_init
 .text.watchdog_start_tick
                0x10001688       0x10 CMakeFiles/antares_flight_computer.dir/C_/pi_sdk/pico-sdk/src/rp2_common/hardware_watchdog/watchdog.c.obj
                0x10001688                watchdog_start_tick
 .text.xosc_init
                0x10001698       0x28 CMakeFiles/antares_flight_computer.dir/C_/pi_sdk/pico-sdk/src/rp2_common/hardware_xosc/xosc.c.obj
                0x10001698                xosc_init
 .text.runtime_init
                0x100016c0       0xf0 CMakeFiles/antares_flight_computer.dir/C_/pi_sdk/pico-sdk/src/rp2_common/pico_runtime/runtime.c.obj
                0x100016c0                runtime_init
 .text._exit    0x100017b0        0x4 CMakeFiles/antares_flight_computer.dir/C_/pi_sdk/pico-sdk/src/rp2_common/pico_runtime/runtime.c.obj
                0x100017b0                _exit
 .text.exit     0x100017b4        0x8 CMakeFiles/antares_flight_computer.dir/C_/pi_sdk/pico-sdk/src/rp2_common/pico_runtime/runtime.c.obj
                0x100017b4                exit
 .text.panic    0x100017bc       0x30 CMakeFiles/antares_flight_computer.dir/C_/pi_sdk/pico-sdk/src/rp2_common/pico_runtime/runtime.c.obj
                0x100017bc                panic
 .text.hard_assertion_failure
                0x100017ec        0xc CMakeFiles/antares_flight_computer.dir/C_/pi_sdk/pico-sdk/src/rp2_common/pico_runtime/runtime.c.obj
                0x100017ec                hard_assertion_failure
 .text._out_char
                0x100017f8       0x10 CMakeFiles/antares_flight_computer.dir/C_/pi_sdk/pico-sdk/src/rp2_common/pico_printf/printf.c.obj
 .text.weak_raw_vprintf
                0x10001808       0x30 CMakeFiles/antares_flight_computer.dir/C_/pi_sdk/pico-sdk/src/rp2_common/pico_printf/printf.c.obj
                0x10001808                weak_raw_vprintf
 .text          0x10001838       0x10 CMakeFiles/antares_flight_computer.dir/C_/pi_sdk/pico-sdk/src/rp2_common/pico_bit_ops/bit_ops_aeabi.S.obj
 .text.rom_func_lookup
                0x10001848       0x10 CMakeFiles/antares_flight_computer.dir/C_/pi_sdk/pico-sdk/src/rp2_common/pico_bootrom/bootrom.c.obj
                0x10001848                rom_func_lookup
 .text.rom_data_lookup
                0x10001858       0x10 CMakeFiles/antares_flight_computer.dir/C_/pi_sdk/pico-sdk/src/rp2_common/pico_bootrom/bootrom.c.obj
                0x10001858                rom_data_lookup
 .text.rom_funcs_lookup
                0x10001868       0x44 CMakeFiles/antares_flight_computer.dir/C_/pi_sdk/pico-sdk/src/rp2_common/pico_bootrom/bootrom.c.obj
                0x10001868                rom_funcs_lookup
 .text.__wrap___aeabi_uidiv
                0x100018ac       0x4c CMakeFiles/antares_flight_computer.dir/C_/pi_sdk/pico-sdk/src/rp2_common/pico_divider/divider.S.obj
                0x100018ac                __wrap___aeabi_uidiv
                0x100018ac                __wrap___aeabi_uidivmod
                0x100018ac                div_u32u32
                0x100018ac                divmod_u32u32
                0x100018b4                divmod_u32u32_unsafe
                0x100018dc                divmod_u32u32_savestate
 .text.__aeabi_double_init
                0x100018f8       0x98 CMakeFiles/antares_flight_computer.dir/C_/pi_sdk/pico-sdk/src/rp2_common/pico_double/double_init_rom.c.obj
                0x100018f8                __aeabi_double_init
 .text.double_table_shim_on_use_helper
                0x10001990       0x2c CMakeFiles/antares_flight_computer.dir/C_/pi_sdk/pico-sdk/src/rp2_common/pico_double/double_v1_rom_shim.S.obj
                0x10001990                double_table_shim_on_use_helper
 .text.__aeabi_float_init
                0x100019bc       0x64 CMakeFiles/antares_flight_computer.dir/C_/pi_sdk/pico-sdk/src/rp2_common/pico_float/float_init_rom.c.obj
                0x100019bc                __aeabi_float_init
 .text.float_table_shim_on_use_helper
                0x10001a20       0x2c CMakeFiles/antares_flight_computer.dir/C_/pi_sdk/pico-sdk/src/rp2_common/pico_float/float_v1_rom_shim.S.obj
                0x10001a20                float_table_shim_on_use_helper
 .text          0x10001a4c       0x10 CMakeFiles/antares_flight_computer.dir/C_/pi_sdk/pico-sdk/src/rp2_common/pico_mem_ops/mem_ops_aeabi.S.obj
                0x10001a4c                __aeabi_mem_init
 .text.memcpy   0x10001a5c        0xc CMakeFiles/antares_flight_computer.dir/C_/pi_sdk/pico-sdk/src/rp2_common/pico_mem_ops/mem_ops_aeabi.S.obj
                0x10001a5c                __wrap_memcpy
                0x10001a5c                __wrap___aeabi_memcpy
 .text.stdio_out_chars_crlf
                0x10001a68       0x94 CMakeFiles/antares_flight_computer.dir/C_/pi_sdk/pico-sdk/src/rp2_common/pico_stdio/stdio.c.obj
 .text.__wrap_putchar
                0x10001afc       0x98 CMakeFiles/antares_flight_computer.dir/C_/pi_sdk/pico-sdk/src/rp2_common/pico_stdio/stdio.c.obj
                0x10001afc                __wrap_putchar
 .text.__wrap_puts
                0x10001b94       0xe0 CMakeFiles/antares_flight_computer.dir/C_/pi_sdk/pico-sdk/src/rp2_common/pico_stdio/stdio.c.obj
                0x10001b94                __wrap_puts
 .text.core1_trampoline
                0x10001c74        0x4 CMakeFiles/antares_flight_computer.dir/C_/pi_sdk/pico-sdk/src/rp2_common/pico_multicore/multicore.c.obj
 .text.core1_wrapper
                0x10001c78        0xc CMakeFiles/antares_flight_computer.dir/C_/pi_sdk/pico-sdk/src/rp2_common/pico_multicore/multicore.c.obj
                0x10001c78                core1_wrapper
 .text.multicore_launch_core1_raw
                0x10001c84       0x84 CMakeFiles/antares_flight_computer.dir/C_/pi_sdk/pico-sdk/src/rp2_common/pico_multicore/multicore.c.obj
                0x10001c84                multicore_launch_core1_raw
 .text.multicore_launch_core1
                0x10001d08       0x58 CMakeFiles/antares_flight_computer.dir/C_/pi_sdk/pico-sdk/src/rp2_common/pico_multicore/multicore.c.obj
                0x10001d08                multicore_launch_core1
 .text.strlen   0x10001d60       0x5c C:/Program Files (x86)/Arm GNU Toolchain arm-none-eabi/13.2 Rel1/bin/../lib/gcc/arm-none-eabi/13.2.1/thumb/v6-m/nofp\libc.a(libc_a-strlen-stub.o)
                0x10001d60                strlen
 *(.fini)
 .fini          0x10001dbc        0x4 C:/Program Files (x86)/Arm GNU Toolchain arm-none-eabi/13.2 Rel1/bin/../lib/gcc/arm-none-eabi/13.2.1/thumb/v6-m/nofp/crti.o
                0x10001dbc                _fini
 .fini.__stub   0x10001dc0       0x30 linker stubs
 *crtbegin.o(.ctors)
 *crtbegin?.o(.ctors)
 *(EXCLUDE_FILE(*crtend.o *crtend?.o) .ctors)
 *(SORT_BY_NAME(.ctors.*))
 *(.ctors)
 *crtbegin.o(.dtors)
 *crtbegin?.o(.dtors)
 *(EXCLUDE_FILE(*crtend.o *crtend?.o) .dtors)
 *(SORT_BY_NAME(.dtors.*))
 *(.dtors)
 *(.eh_frame*)
 .eh_frame      0x10001df0        0x0 C:/Program Files (x86)/Arm GNU Toolchain arm-none-eabi/13.2 Rel1/bin/../lib/gcc/arm-none-eabi/13.2.1/thumb/v6-m/nofp/crtbegin.o
                0x10001df0                        . = ALIGN (0x4)

.glue_7         0x10001df0        0x0
 .glue_7        0x10001df0        0x0 linker stubs

.glue_7t        0x10001df0        0x0
 .glue_7t       0x10001df0        0x0 linker stubs

.vfp11_veneer   0x10001df0        0x0
 .vfp11_veneer  0x10001df0        0x0 linker stubs

.v4_bx          0x10001df0        0x0
 .v4_bx         0x10001df0        0x0 linker stubs

.iplt           0x10001df0        0x0
 .iplt          0x10001df0        0x0 C:/Program Files (x86)/Arm GNU Toolchain arm-none-eabi/13.2 Rel1/bin/../lib/gcc/arm-none-eabi/13.2.1/thumb/v6-m/nofp/crtbegin.o

.rodata         0x10001df0       0xb8
 *(EXCLUDE_FILE(*libm.a: *libc.a:*lib_a-mem*.o *libgcc.a:) .rodata*)
 .rodata.hardware_alarm_claim.str1.4
                0x10001df0       0x90 CMakeFiles/antares_flight_computer.dir/C_/pi_sdk/pico-sdk/src/rp2_common/hardware_timer/timer.c.obj
                                 0x22 (size before relaxing)
 .rodata.panic.str1.4
                0x10001e80       0x12 CMakeFiles/antares_flight_computer.dir/C_/pi_sdk/pico-sdk/src/rp2_common/pico_runtime/runtime.c.obj
 .rodata.hard_assertion_failure.str1.4
                0x10001e80        0xc CMakeFiles/antares_flight_computer.dir/C_/pi_sdk/pico-sdk/src/rp2_common/pico_runtime/runtime.c.obj
 .rodata.str1.4
                0x10001e80       0x4c CMakeFiles/antares_flight_computer.dir/C_/pi_sdk/pico-sdk/src/rp2_common/pico_standard_link/binary_info.c.obj
 .rodata.__bi_81
                0x10001e80        0xc CMakeFiles/antares_flight_computer.dir/C_/pi_sdk/pico-sdk/src/rp2_common/pico_standard_link/binary_info.c.obj
 .rodata.__bi_75
                0x10001e8c        0xc CMakeFiles/antares_flight_computer.dir/C_/pi_sdk/pico-sdk/src/rp2_common/pico_standard_link/binary_info.c.obj
 .rodata.__bi_44
                0x10001e98        0xc CMakeFiles/antares_flight_computer.dir/C_/pi_sdk/pico-sdk/src/rp2_common/pico_standard_link/binary_info.c.obj
 .rodata.crlf_str.0
                0x10001ea4        0x2 CMakeFiles/antares_flight_computer.dir/C_/pi_sdk/pico-sdk/src/rp2_common/pico_stdio/stdio.c.obj
                0x10001ecc                        . = ALIGN (0x4)
 *fill*         0x10001ea6        0x2 
 *(SORT_BY_ALIGNMENT(SORT_BY_NAME(.flashdata*)))
                0x10001ea8                        . = ALIGN (0x4)

.ARM.extab
 *(.ARM.extab* .gnu.linkonce.armextab.*)
                0x10001ea8                        __exidx_start = .

.ARM.exidx
 *(.ARM.exidx* .gnu.linkonce.armexidx.*)
                0x10001ea8                        __exidx_end = .
                0x10001ea8                        . = ALIGN (0x4)
                0x10001ea8                        __binary_info_start = .

.binary_info    0x10001ea8       0x1c
 *(.binary_info.keep.*)
 .binary_info.keep.__bi_ptr81
                0x10001ea8        0x4 CMakeFiles/antares_flight_computer.dir/C_/pi_sdk/pico-sdk/src/rp2_common/pico_standard_link/binary_info.c.obj
 .binary_info.keep.__bi_ptr75
                0x10001eac        0x4 CMakeFiles/antares_flight_computer.dir/C_/pi_sdk/pico-sdk/src/rp2_common/pico_standard_link/binary_info.c.obj
 .binary_info.keep.__bi_ptr50
                0x10001eb0        0x4 CMakeFiles/antares_flight_computer.dir/C_/pi_sdk/pico-sdk/src/rp2_common/pico_standard_link/binary_info.c.obj
 .binary_info.keep.__bi_ptr44
                0x10001eb4        0x4 CMakeFiles/antares_flight_computer.dir/C_/pi_sdk/pico-sdk/src/rp2_common/pico_standard_link/binary_info.c.obj
 .binary_info.keep.__bi_ptr38
                0x10001eb8        0x4 CMakeFiles/antares_flight_computer.dir/C_/pi_sdk/pico-sdk/src/rp2_common/pico_standard_link/binary_info.c.obj
 .binary_info.keep.__bi_ptr30
                0x10001ebc        0x4 CMakeFiles/antares_flight_computer.dir/C_/pi_sdk/pico-sdk/src/rp2_common/pico_standard_link/binary_info.c.obj
 .binary_info.keep.__bi_ptr22
                0x10001ec0        0x4 CMakeFiles/antares_flight_computer.dir/C_/pi_sdk/pico-sdk/src/rp2_common/pico_standard_link/binary_info.c.obj
 *(.binary_info.*)
                0x10001ec4                        __binary_info_end = .

.rel.dyn        0x10001ec4        0x0
 .rel.iplt      0x10001ec4        0x0 C:/Program Files (x86)/Arm GNU Toolchain arm-none-eabi/13.2 Rel1/bin/../lib/gcc/arm-none-eabi/13.2.1/thumb/v6-m/nofp/crtbegin.o
                0x10001ec4                        . = ALIGN (0x4)

.ram_vector_table
                0x20000000       0xc0
 *(.ram_vector_table)
 .ram_vector_table
                0x20000000       0xc0 CMakeFiles/antares_flight_computer.dir/C_/pi_sdk/pico-sdk/src/rp2_common/pico_runtime/runtime.c.obj
                0x20000000                ram_vector_table

.data           0x200000c0      0x194 load address 0x10001ec4
                0x200000c0                        __data_start__ = .
 *(vtable)
 *(.time_critical*)
 .time_critical.mutex_try_enter_block_until
                0x200000c0       0x9c CMakeFiles/antares_flight_computer.dir/C_/pi_sdk/pico-sdk/src/common/pico_sync/mutex.c.obj
                0x200000c0                mutex_try_enter_block_until
 .time_critical.mutex_exit
                0x2000015c       0x28 CMakeFiles/antares_flight_computer.dir/C_/pi_sdk/pico-sdk/src/common/pico_sync/mutex.c.obj
                0x2000015c                mutex_exit
 *(.text*)
 .text          0x20000184        0x4 C:/Program Files (x86)/Arm GNU Toolchain arm-none-eabi/13.2 Rel1/bin/../lib/gcc/arm-none-eabi/13.2.1/thumb/v6-m/nofp\libgcc.a(_dvmd_tls.o)
                0x20000184                __aeabi_idiv0
                0x20000184                __aeabi_ldiv0
 .text.__stub   0x20000188       0x10 linker stubs
                0x20000198                        . = ALIGN (0x4)
 *(.rodata*)
                0x20000198                        . = ALIGN (0x4)
 *(.data*)
 .data.striped_spin_lock_num
                0x20000198        0x1 CMakeFiles/antares_flight_computer.dir/C_/pi_sdk/pico-sdk/src/rp2_common/hardware_sync/sync.c.obj
 *fill*         0x20000199        0x3 
 .data          0x2000019c       0x48 CMakeFiles/antares_flight_computer.dir/C_/pi_sdk/pico-sdk/src/rp2_common/hardware_irq/irq_handler_chain.S.obj
                0x2000019c                irq_handler_chain_slots
                0x200001cc                irq_handler_chain_first_slot
                0x200001d6                irq_handler_chain_remove_tail
 .data.default_alarm_pool
                0x200001e4       0x18 CMakeFiles/antares_flight_computer.dir/C_/pi_sdk/pico-sdk/src/common/pico_time/time.c.obj
 .data.default_alarm_pool_heap
                0x200001fc       0x10 CMakeFiles/antares_flight_computer.dir/C_/pi_sdk/pico-sdk/src/common/pico_time/time.c.obj
 *fill*         0x2000020c        0x4 
 .data.aeabi_bits_funcs
                0x20000210       0x10 CMakeFiles/antares_flight_computer.dir/C_/pi_sdk/pico-sdk/src/rp2_common/pico_bit_ops/bit_ops_aeabi.S.obj
                0x20000210                aeabi_bits_funcs
                0x20000220                aeabi_bits_funcs_end
 .data.aeabi_mem_funcs
                0x20000220       0x10 CMakeFiles/antares_flight_computer.dir/C_/pi_sdk/pico-sdk/src/rp2_common/pico_mem_ops/mem_ops_aeabi.S.obj
                0x20000220                aeabi_mem_funcs
                0x20000230                aeabi_mem_funcs_end
                0x20000230                        . = ALIGN (0x4)
 *(.after_data.*)
                0x20000230                        . = ALIGN (0x4)
                0x20000230                        PROVIDE (__mutex_array_start = .)
 *(SORT_BY_NAME(.mutex_array.*))
 *(.mutex_array)
 .mutex_array   0x20000230        0x8 CMakeFiles/antares_flight_computer.dir/C_/pi_sdk/pico-sdk/src/rp2_common/pico_malloc/pico_malloc.c.obj
 .mutex_array   0x20000238        0x8 CMakeFiles/antares_flight_computer.dir/C_/pi_sdk/pico-sdk/src/rp2_common/pico_stdio/stdio.c.obj
                0x20000240                        PROVIDE (__mutex_array_end = .)
                0x20000240                        . = ALIGN (0x4)
                0x20000240                        PROVIDE (__preinit_array_start = .)
 *(SORT_BY_NAME(.preinit_array.*))
 .preinit_array.00001
                0x20000240        0x4 CMakeFiles/antares_flight_computer.dir/C_/pi_sdk/pico-sdk/src/rp2_common/pico_mem_ops/mem_ops_aeabi.S.obj
 .preinit_array.00010
                0x20000244        0x4 CMakeFiles/antares_flight_computer.dir/C_/pi_sdk/pico-sdk/src/rp2_common/pico_bit_ops/bit_ops_aeabi.S.obj
 .preinit_array.00020
                0x20000248        0x4 CMakeFiles/antares_flight_computer.dir/C_/pi_sdk/pico-sdk/src/rp2_common/pico_double/double_aeabi.S.obj
 .preinit_array.00020
                0x2000024c        0x4 CMakeFiles/antares_flight_computer.dir/C_/pi_sdk/pico-sdk/src/rp2_common/pico_float/float_aeabi.S.obj
 *(.preinit_array)
                0x20000250                        PROVIDE (__preinit_array_end = .)
                0x20000250                        . = ALIGN (0x4)
                0x20000250                        PROVIDE (__init_array_start = .)
 *(SORT_BY_NAME(.init_array.*))
 *(.init_array)
 .init_array    0x20000250        0x4 C:/Program Files (x86)/Arm GNU Toolchain arm-none-eabi/13.2 Rel1/bin/../lib/gcc/arm-none-eabi/13.2.1/thumb/v6-m/nofp/crtbegin.o
                0x20000254                        PROVIDE (__init_array_end = .)
                0x20000254                        . = ALIGN (0x4)
                [!provide]                        PROVIDE (__fini_array_start = .)
 *(SORT_BY_NAME(.fini_array.*))
 *(.fini_array)
                [!provide]                        PROVIDE (__fini_array_end = .)
 *(.jcr)
                0x20000254                        . = ALIGN (0x4)
                0x20000254                        __data_end__ = .
                0x10001ec4                        __etext = LOADADDR (.data)

.tm_clone_table
                0x20000254        0x0 load address 0x10002058
 .tm_clone_table
                0x20000254        0x0 C:/Program Files (x86)/Arm GNU Toolchain arm-none-eabi/13.2 Rel1/bin/../lib/gcc/arm-none-eabi/13.2.1/thumb/v6-m/nofp/crtbegin.o
 .tm_clone_table
                0x20000254        0x0 C:/Program Files (x86)/Arm GNU Toolchain arm-none-eabi/13.2 Rel1/bin/../lib/gcc/arm-none-eabi/13.2.1/thumb/v6-m/nofp/crtend.o

.igot.plt       0x20000254        0x0 load address 0x10002058
 .igot.plt      0x20000254        0x0 C:/Program Files (x86)/Arm GNU Toolchain arm-none-eabi/13.2 Rel1/bin/../lib/gcc/arm-none-eabi/13.2.1/thumb/v6-m/nofp/crtbegin.o

.uninitialized_data
                0x20000254        0x0 load address 0x10002058
                0x20000254                        . = ALIGN (0x4)
 *(.uninitialized_data*)

.scratch_x      0x20040000        0x0 load address 0x10002058
                0x20040000                        __scratch_x_start__ = .
 *(.scratch_x.*)
                0x20040000                        . = ALIGN (0x4)
                0x20040000                        __scratch_x_end__ = .
                0x10002058                        __scratch_x_source__ = LOADADDR (.scratch_x)

.scratch_y      0x20041000        0x0 load address 0x10002058
                0x20041000                        __scratch_y_start__ = .
 *(.scratch_y.*)
                0x20041000                        . = ALIGN (0x4)
                0x20041000                        __scratch_y_end__ = .
                0x10002058                        __scratch_y_source__ = LOADADDR (.scratch_y)

.bss            0x20000258      0x3c8
                0x20000258                        . = ALIGN (0x4)
                0x20000258                        __bss_start__ = .
 *(SORT_BY_ALIGNMENT(SORT_BY_NAME(.bss*)))
 .bss.configured_freq
                0x20000258       0x28 CMakeFiles/antares_flight_computer.dir/C_/pi_sdk/pico-sdk/src/rp2_common/hardware_clocks/clocks.c.obj
 .bss.default_alarm_pool_entries
                0x20000280      0x100 CMakeFiles/antares_flight_computer.dir/C_/pi_sdk/pico-sdk/src/common/pico_time/time.c.obj
 .bss.sd_table  0x20000380      0x100 CMakeFiles/antares_flight_computer.dir/C_/pi_sdk/pico-sdk/src/rp2_common/pico_double/double_init_rom.c.obj
                0x20000380                sd_table
 .bss.sf_table  0x20000480      0x100 CMakeFiles/antares_flight_computer.dir/C_/pi_sdk/pico-sdk/src/rp2_common/pico_float/float_init_rom.c.obj
                0x20000480                sf_table
 .bss.alarm_callbacks
                0x20000580       0x10 CMakeFiles/antares_flight_computer.dir/C_/pi_sdk/pico-sdk/src/rp2_common/hardware_timer/timer.c.obj
 .bss.default_alarm_pool_entry_ids_high
                0x20000590       0x10 CMakeFiles/antares_flight_computer.dir/C_/pi_sdk/pico-sdk/src/common/pico_time/time.c.obj
 .bss.default_alarm_pool_heap_nodes
                0x200005a0       0x30 CMakeFiles/antares_flight_computer.dir/C_/pi_sdk/pico-sdk/src/common/pico_time/time.c.obj
 .bss.drivers   0x200005d0        0x4 CMakeFiles/antares_flight_computer.dir/C_/pi_sdk/pico-sdk/src/rp2_common/pico_stdio/stdio.c.obj
 .bss.filter    0x200005d4        0x4 CMakeFiles/antares_flight_computer.dir/C_/pi_sdk/pico-sdk/src/rp2_common/pico_stdio/stdio.c.obj
 .bss.lazy_vsnprintf
                0x200005d8        0x4 CMakeFiles/antares_flight_computer.dir/C_/pi_sdk/pico-sdk/src/rp2_common/pico_printf/printf.c.obj
 .bss.object.0  0x200005dc       0x18 C:/Program Files (x86)/Arm GNU Toolchain arm-none-eabi/13.2 Rel1/bin/../lib/gcc/arm-none-eabi/13.2.1/thumb/v6-m/nofp/crtbegin.o
 .bss.pools     0x200005f4       0x10 CMakeFiles/antares_flight_computer.dir/C_/pi_sdk/pico-sdk/src/common/pico_time/time.c.obj
 .bss.sf_clz_func
                0x20000604        0x4 CMakeFiles/antares_flight_computer.dir/C_/pi_sdk/pico-sdk/src/rp2_common/pico_double/double_init_rom.c.obj
                0x20000604                sf_clz_func
 .bss.sleep_notifier
                0x20000608        0x4 CMakeFiles/antares_flight_computer.dir/C_/pi_sdk/pico-sdk/src/common/pico_time/time.c.obj
 .bss.target_hi
                0x2000060c       0x10 CMakeFiles/antares_flight_computer.dir/C_/pi_sdk/pico-sdk/src/rp2_common/hardware_timer/timer.c.obj
 .bss.claimed   0x2000061c        0x1 CMakeFiles/antares_flight_computer.dir/C_/pi_sdk/pico-sdk/src/rp2_common/hardware_timer/timer.c.obj
 .bss.irq_hander_chain_free_slot_head
                0x2000061d        0x1 CMakeFiles/antares_flight_computer.dir/C_/pi_sdk/pico-sdk/src/rp2_common/hardware_irq/irq.c.obj
 .bss.timer_callbacks_pending
                0x2000061e        0x1 CMakeFiles/antares_flight_computer.dir/C_/pi_sdk/pico-sdk/src/rp2_common/hardware_timer/timer.c.obj
 *(COMMON)
                0x20000620                        . = ALIGN (0x4)
 *fill*         0x2000061f        0x1 
                0x20000620                        __bss_end__ = .

.heap           0x20000620      0x800
                0x20000620                        __end__ = .
                0x20000620                        end = __end__
 *(.heap*)
 .heap          0x20000620      0x800 CMakeFiles/antares_flight_computer.dir/C_/pi_sdk/pico-sdk/src/rp2_common/pico_standard_link/crt0.S.obj
                0x20000e20                        __HeapLimit = .

.stack1_dummy   0x20040000      0x800
 *(.stack1*)
 .stack1        0x20040000      0x800 CMakeFiles/antares_flight_computer.dir/C_/pi_sdk/pico-sdk/src/rp2_common/pico_multicore/multicore.c.obj

.stack_dummy    0x20041000      0x800
 *(.stack*)
 .stack         0x20041000      0x800 CMakeFiles/antares_flight_computer.dir/C_/pi_sdk/pico-sdk/src/rp2_common/pico_standard_link/crt0.S.obj

.flash_end      0x10002058        0x0
                0x10002058                        PROVIDE (__flash_binary_end = .)
                0x20040000                        __StackLimit = (ORIGIN (RAM) + LENGTH (RAM))
                0x20041000                        __StackOneTop = (ORIGIN (SCRATCH_X) + LENGTH (SCRATCH_X))
                0x20042000                        __StackTop = (ORIGIN (SCRATCH_Y) + LENGTH (SCRATCH_Y))
                0x20040800                        __StackOneBottom = (__StackOneTop - SIZEOF (.stack1_dummy))
                0x20041800                        __StackBottom = (__StackTop - SIZEOF (.stack_dummy))
                0x20042000                        PROVIDE (__stack = __StackTop)
                0x00000001                        ASSERT ((__StackLimit >= __HeapLimit), region RAM overflowed)
                0x00000001                        ASSERT (((__binary_info_header_end - __logical_binary_start) <= 0x100), Binary info must be in first 256 bytes of the binary)
LOAD CMakeFiles/antares_flight_computer.dir/src/main/main.cpp.obj
LOAD CMakeFiles/antares_flight_computer.dir/C_/pi_sdk/pico-sdk/src/rp2_common/pico_stdlib/stdlib.c.obj
LOAD CMakeFiles/antares_flight_computer.dir/C_/pi_sdk/pico-sdk/src/rp2_common/hardware_gpio/gpio.c.obj
LOAD CMakeFiles/antares_flight_computer.dir/C_/pi_sdk/pico-sdk/src/rp2_common/pico_platform/platform.c.obj
LOAD CMakeFiles/antares_flight_computer.dir/C_/pi_sdk/pico-sdk/src/rp2_common/hardware_claim/claim.c.obj
LOAD CMakeFiles/antares_flight_computer.dir/C_/pi_sdk/pico-sdk/src/rp2_common/hardware_sync/sync.c.obj
LOAD CMakeFiles/antares_flight_computer.dir/C_/pi_sdk/pico-sdk/src/rp2_common/hardware_irq/irq.c.obj
LOAD CMakeFiles/antares_flight_computer.dir/C_/pi_sdk/pico-sdk/src/rp2_common/hardware_irq/irq_handler_chain.S.obj
LOAD CMakeFiles/antares_flight_computer.dir/C_/pi_sdk/pico-sdk/src/common/pico_sync/sem.c.obj
LOAD CMakeFiles/antares_flight_computer.dir/C_/pi_sdk/pico-sdk/src/common/pico_sync/lock_core.c.obj
LOAD CMakeFiles/antares_flight_computer.dir/C_/pi_sdk/pico-sdk/src/common/pico_sync/mutex.c.obj
LOAD CMakeFiles/antares_flight_computer.dir/C_/pi_sdk/pico-sdk/src/common/pico_sync/critical_section.c.obj
LOAD CMakeFiles/antares_flight_computer.dir/C_/pi_sdk/pico-sdk/src/common/pico_time/time.c.obj
LOAD CMakeFiles/antares_flight_computer.dir/C_/pi_sdk/pico-sdk/src/common/pico_time/timeout_helper.c.obj
LOAD CMakeFiles/antares_flight_computer.dir/C_/pi_sdk/pico-sdk/src/rp2_common/hardware_timer/timer.c.obj
LOAD CMakeFiles/antares_flight_computer.dir/C_/pi_sdk/pico-sdk/src/common/pico_util/datetime.c.obj
LOAD CMakeFiles/antares_flight_computer.dir/C_/pi_sdk/pico-sdk/src/common/pico_util/pheap.c.obj
LOAD CMakeFiles/antares_flight_computer.dir/C_/pi_sdk/pico-sdk/src/common/pico_util/queue.c.obj
LOAD CMakeFiles/antares_flight_computer.dir/C_/pi_sdk/pico-sdk/src/rp2_common/hardware_uart/uart.c.obj
LOAD CMakeFiles/antares_flight_computer.dir/C_/pi_sdk/pico-sdk/src/rp2_common/hardware_clocks/clocks.c.obj
LOAD CMakeFiles/antares_flight_computer.dir/C_/pi_sdk/pico-sdk/src/rp2_common/hardware_pll/pll.c.obj
LOAD CMakeFiles/antares_flight_computer.dir/C_/pi_sdk/pico-sdk/src/rp2_common/hardware_vreg/vreg.c.obj
LOAD CMakeFiles/antares_flight_computer.dir/C_/pi_sdk/pico-sdk/src/rp2_common/hardware_watchdog/watchdog.c.obj
LOAD CMakeFiles/antares_flight_computer.dir/C_/pi_sdk/pico-sdk/src/rp2_common/hardware_xosc/xosc.c.obj
LOAD CMakeFiles/antares_flight_computer.dir/C_/pi_sdk/pico-sdk/src/rp2_common/hardware_divider/divider.S.obj
LOAD CMakeFiles/antares_flight_computer.dir/C_/pi_sdk/pico-sdk/src/rp2_common/pico_runtime/runtime.c.obj
LOAD CMakeFiles/antares_flight_computer.dir/C_/pi_sdk/pico-sdk/src/rp2_common/pico_printf/printf.c.obj
LOAD CMakeFiles/antares_flight_computer.dir/C_/pi_sdk/pico-sdk/src/rp2_common/pico_bit_ops/bit_ops_aeabi.S.obj
LOAD CMakeFiles/antares_flight_computer.dir/C_/pi_sdk/pico-sdk/src/rp2_common/pico_bootrom/bootrom.c.obj
LOAD CMakeFiles/antares_flight_computer.dir/C_/pi_sdk/pico-sdk/src/rp2_common/pico_divider/divider.S.obj
LOAD CMakeFiles/antares_flight_computer.dir/C_/pi_sdk/pico-sdk/src/rp2_common/pico_double/double_aeabi.S.obj
LOAD CMakeFiles/antares_flight_computer.dir/C_/pi_sdk/pico-sdk/src/rp2_common/pico_double/double_init_rom.c.obj
LOAD CMakeFiles/antares_flight_computer.dir/C_/pi_sdk/pico-sdk/src/rp2_common/pico_double/double_math.c.obj
LOAD CMakeFiles/antares_flight_computer.dir/C_/pi_sdk/pico-sdk/src/rp2_common/pico_double/double_v1_rom_shim.S.obj
LOAD CMakeFiles/antares_flight_computer.dir/C_/pi_sdk/pico-sdk/src/rp2_common/pico_int64_ops/pico_int64_ops_aeabi.S.obj
LOAD CMakeFiles/antares_flight_computer.dir/C_/pi_sdk/pico-sdk/src/rp2_common/pico_float/float_aeabi.S.obj
LOAD CMakeFiles/antares_flight_computer.dir/C_/pi_sdk/pico-sdk/src/rp2_common/pico_float/float_init_rom.c.obj
LOAD CMakeFiles/antares_flight_computer.dir/C_/pi_sdk/pico-sdk/src/rp2_common/pico_float/float_math.c.obj
LOAD CMakeFiles/antares_flight_computer.dir/C_/pi_sdk/pico-sdk/src/rp2_common/pico_float/float_v1_rom_shim.S.obj
LOAD CMakeFiles/antares_flight_computer.dir/C_/pi_sdk/pico-sdk/src/rp2_common/pico_malloc/pico_malloc.c.obj
LOAD CMakeFiles/antares_flight_computer.dir/C_/pi_sdk/pico-sdk/src/rp2_common/pico_mem_ops/mem_ops_aeabi.S.obj
LOAD CMakeFiles/antares_flight_computer.dir/C_/pi_sdk/pico-sdk/src/rp2_common/pico_standard_link/crt0.S.obj
LOAD CMakeFiles/antares_flight_computer.dir/C_/pi_sdk/pico-sdk/src/rp2_common/pico_standard_link/new_delete.cpp.obj
LOAD CMakeFiles/antares_flight_computer.dir/C_/pi_sdk/pico-sdk/src/rp2_common/pico_standard_link/binary_info.c.obj
LOAD CMakeFiles/antares_flight_computer.dir/C_/pi_sdk/pico-sdk/src/rp2_common/pico_stdio/stdio.c.obj
LOAD CMakeFiles/antares_flight_computer.dir/C_/pi_sdk/pico-sdk/src/rp2_common/pico_stdio_uart/stdio_uart.c.obj
LOAD CMakeFiles/antares_flight_computer.dir/C_/pi_sdk/pico-sdk/src/rp2_common/pico_multicore/multicore.c.obj
LOAD C:\Users\brian\AppData\Local\Temp\ccc1oE4a.o
LOAD C:/Program Files (x86)/Arm GNU Toolchain arm-none-eabi/13.2 Rel1/bin/../lib/gcc/arm-none-eabi/13.2.1/thumb/v6-m/nofp\libstdc++.a
LOAD C:/Program Files (x86)/Arm GNU Toolchain arm-none-eabi/13.2 Rel1/bin/../lib/gcc/arm-none-eabi/13.2.1/thumb/v6-m/nofp\libm.a
START GROUP
LOAD C:/Program Files (x86)/Arm GNU Toolchain arm-none-eabi/13.2 Rel1/bin/../lib/gcc/arm-none-eabi/13.2.1/thumb/v6-m/nofp\libgcc.a
LOAD C:/Program Files (x86)/Arm GNU Toolchain arm-none-eabi/13.2 Rel1/bin/../lib/gcc/arm-none-eabi/13.2.1/thumb/v6-m/nofp\libc.a
END GROUP
START GROUP
LOAD C:/Program Files (x86)/Arm GNU Toolchain arm-none-eabi/13.2 Rel1/bin/../lib/gcc/arm-none-eabi/13.2.1/thumb/v6-m/nofp\libgcc.a
LOAD C:/Program Files (x86)/Arm GNU Toolchain arm-none-eabi/13.2 Rel1/bin/../lib/gcc/arm-none-eabi/13.2.1/thumb/v6-m/nofp\libc.a
LOAD C:/Program Files (x86)/Arm GNU Toolchain arm-none-eabi/13.2 Rel1/bin/../lib/gcc/arm-none-eabi/13.2.1/thumb/v6-m/nofp\libnosys.a
END GROUP
LOAD C:/Program Files (x86)/Arm GNU Toolchain arm-none-eabi/13.2 Rel1/bin/../lib/gcc/arm-none-eabi/13.2.1/thumb/v6-m/nofp/crtend.o
LOAD C:/Program Files (x86)/Arm GNU Toolchain arm-none-eabi/13.2 Rel1/bin/../lib/gcc/arm-none-eabi/13.2.1/thumb/v6-m/nofp/crtn.o
OUTPUT(antares_flight_computer.elf elf32-littlearm)
LOAD linker stubs

.ARM.attributes
                0x00000000       0x28
 .ARM.attributes
                0x00000000       0x1e C:/Program Files (x86)/Arm GNU Toolchain arm-none-eabi/13.2 Rel1/bin/../lib/gcc/arm-none-eabi/13.2.1/thumb/v6-m/nofp/crti.o
 .ARM.attributes
                0x0000001e       0x2c C:/Program Files (x86)/Arm GNU Toolchain arm-none-eabi/13.2 Rel1/bin/../lib/gcc/arm-none-eabi/13.2.1/thumb/v6-m/nofp/crtbegin.o
 .ARM.attributes
                0x0000004a       0x2c CMakeFiles/antares_flight_computer.dir/src/main/main.cpp.obj
 .ARM.attributes
                0x00000076       0x2c CMakeFiles/antares_flight_computer.dir/C_/pi_sdk/pico-sdk/src/rp2_common/pico_platform/platform.c.obj
 .ARM.attributes
                0x000000a2       0x2c CMakeFiles/antares_flight_computer.dir/C_/pi_sdk/pico-sdk/src/rp2_common/hardware_claim/claim.c.obj
 .ARM.attributes
                0x000000ce       0x2c CMakeFiles/antares_flight_computer.dir/C_/pi_sdk/pico-sdk/src/rp2_common/hardware_sync/sync.c.obj
 .ARM.attributes
                0x000000fa       0x2c CMakeFiles/antares_flight_computer.dir/C_/pi_sdk/pico-sdk/src/rp2_common/hardware_irq/irq.c.obj
 .ARM.attributes
                0x00000126       0x22 CMakeFiles/antares_flight_computer.dir/C_/pi_sdk/pico-sdk/src/rp2_common/hardware_irq/irq_handler_chain.S.obj
 .ARM.attributes
                0x00000148       0x2c CMakeFiles/antares_flight_computer.dir/C_/pi_sdk/pico-sdk/src/common/pico_sync/lock_core.c.obj
 .ARM.attributes
                0x00000174       0x2c CMakeFiles/antares_flight_computer.dir/C_/pi_sdk/pico-sdk/src/common/pico_sync/mutex.c.obj
 .ARM.attributes
                0x000001a0       0x2c CMakeFiles/antares_flight_computer.dir/C_/pi_sdk/pico-sdk/src/common/pico_time/time.c.obj
 .ARM.attributes
                0x000001cc       0x2c CMakeFiles/antares_flight_computer.dir/C_/pi_sdk/pico-sdk/src/rp2_common/hardware_timer/timer.c.obj
 .ARM.attributes
                0x000001f8       0x2c CMakeFiles/antares_flight_computer.dir/C_/pi_sdk/pico-sdk/src/common/pico_util/pheap.c.obj
 .ARM.attributes
                0x00000224       0x2c CMakeFiles/antares_flight_computer.dir/C_/pi_sdk/pico-sdk/src/rp2_common/hardware_clocks/clocks.c.obj
 .ARM.attributes
                0x00000250       0x2c CMakeFiles/antares_flight_computer.dir/C_/pi_sdk/pico-sdk/src/rp2_common/hardware_pll/pll.c.obj
 .ARM.attributes
                0x0000027c       0x2c CMakeFiles/antares_flight_computer.dir/C_/pi_sdk/pico-sdk/src/rp2_common/hardware_watchdog/watchdog.c.obj
 .ARM.attributes
                0x000002a8       0x2c CMakeFiles/antares_flight_computer.dir/C_/pi_sdk/pico-sdk/src/rp2_common/hardware_xosc/xosc.c.obj
 .ARM.attributes
                0x000002d4       0x2c CMakeFiles/antares_flight_computer.dir/C_/pi_sdk/pico-sdk/src/rp2_common/pico_runtime/runtime.c.obj
 .ARM.attributes
                0x00000300       0x2c CMakeFiles/antares_flight_computer.dir/C_/pi_sdk/pico-sdk/src/rp2_common/pico_printf/printf.c.obj
 .ARM.attributes
                0x0000032c       0x22 CMakeFiles/antares_flight_computer.dir/C_/pi_sdk/pico-sdk/src/rp2_common/pico_bit_ops/bit_ops_aeabi.S.obj
 .ARM.attributes
                0x0000034e       0x2c CMakeFiles/antares_flight_computer.dir/C_/pi_sdk/pico-sdk/src/rp2_common/pico_bootrom/bootrom.c.obj
 .ARM.attributes
                0x0000037a       0x22 CMakeFiles/antares_flight_computer.dir/C_/pi_sdk/pico-sdk/src/rp2_common/pico_divider/divider.S.obj
 .ARM.attributes
                0x0000039c       0x22 CMakeFiles/antares_flight_computer.dir/C_/pi_sdk/pico-sdk/src/rp2_common/pico_double/double_aeabi.S.obj
 .ARM.attributes
                0x000003be       0x2c CMakeFiles/antares_flight_computer.dir/C_/pi_sdk/pico-sdk/src/rp2_common/pico_double/double_init_rom.c.obj
 .ARM.attributes
                0x000003ea       0x22 CMakeFiles/antares_flight_computer.dir/C_/pi_sdk/pico-sdk/src/rp2_common/pico_double/double_v1_rom_shim.S.obj
 .ARM.attributes
                0x0000040c       0x22 CMakeFiles/antares_flight_computer.dir/C_/pi_sdk/pico-sdk/src/rp2_common/pico_float/float_aeabi.S.obj
 .ARM.attributes
                0x0000042e       0x2c CMakeFiles/antares_flight_computer.dir/C_/pi_sdk/pico-sdk/src/rp2_common/pico_float/float_init_rom.c.obj
 .ARM.attributes
                0x0000045a       0x22 CMakeFiles/antares_flight_computer.dir/C_/pi_sdk/pico-sdk/src/rp2_common/pico_float/float_v1_rom_shim.S.obj
 .ARM.attributes
                0x0000047c       0x2c CMakeFiles/antares_flight_computer.dir/C_/pi_sdk/pico-sdk/src/rp2_common/pico_malloc/pico_malloc.c.obj
 .ARM.attributes
                0x000004a8       0x22 CMakeFiles/antares_flight_computer.dir/C_/pi_sdk/pico-sdk/src/rp2_common/pico_mem_ops/mem_ops_aeabi.S.obj
 .ARM.attributes
                0x000004ca       0x22 CMakeFiles/antares_flight_computer.dir/C_/pi_sdk/pico-sdk/src/rp2_common/pico_standard_link/crt0.S.obj
 .ARM.attributes
                0x000004ec       0x2c CMakeFiles/antares_flight_computer.dir/C_/pi_sdk/pico-sdk/src/rp2_common/pico_standard_link/binary_info.c.obj
 .ARM.attributes
                0x00000518       0x2c CMakeFiles/antares_flight_computer.dir/C_/pi_sdk/pico-sdk/src/rp2_common/pico_stdio/stdio.c.obj
 .ARM.attributes
                0x00000544       0x2c CMakeFiles/antares_flight_computer.dir/C_/pi_sdk/pico-sdk/src/rp2_common/pico_multicore/multicore.c.obj
 .ARM.attributes
                0x00000570       0x22 C:\Users\brian\AppData\Local\Temp\ccc1oE4a.o
 .ARM.attributes
                0x00000592       0x1e C:/Program Files (x86)/Arm GNU Toolchain arm-none-eabi/13.2 Rel1/bin/../lib/gcc/arm-none-eabi/13.2.1/thumb/v6-m/nofp\libgcc.a(_dvmd_tls.o)
 .ARM.attributes
                0x000005b0       0x2c C:/Program Files (x86)/Arm GNU Toolchain arm-none-eabi/13.2 Rel1/bin/../lib/gcc/arm-none-eabi/13.2.1/thumb/v6-m/nofp\libc.a(libc_a-strlen-stub.o)
 .ARM.attributes
                0x000005dc       0x2c C:/Program Files (x86)/Arm GNU Toolchain arm-none-eabi/13.2 Rel1/bin/../lib/gcc/arm-none-eabi/13.2.1/thumb/v6-m/nofp/crtend.o

.comment        0x00000000       0x44
 .comment       0x00000000       0x44 CMakeFiles/antares_flight_computer.dir/src/main/main.cpp.obj
                                 0x45 (size before relaxing)
 .comment       0x00000044       0x45 CMakeFiles/antares_flight_computer.dir/C_/pi_sdk/pico-sdk/src/rp2_common/pico_platform/platform.c.obj
 .comment       0x00000044       0x45 CMakeFiles/antares_flight_computer.dir/C_/pi_sdk/pico-sdk/src/rp2_common/hardware_claim/claim.c.obj
 .comment       0x00000044       0x45 CMakeFiles/antares_flight_computer.dir/C_/pi_sdk/pico-sdk/src/rp2_common/hardware_sync/sync.c.obj
 .comment       0x00000044       0x45 CMakeFiles/antares_flight_computer.dir/C_/pi_sdk/pico-sdk/src/rp2_common/hardware_irq/irq.c.obj
 .comment       0x00000044       0x45 CMakeFiles/antares_flight_computer.dir/C_/pi_sdk/pico-sdk/src/common/pico_sync/lock_core.c.obj
 .comment       0x00000044       0x45 CMakeFiles/antares_flight_computer.dir/C_/pi_sdk/pico-sdk/src/common/pico_sync/mutex.c.obj
 .comment       0x00000044       0x45 CMakeFiles/antares_flight_computer.dir/C_/pi_sdk/pico-sdk/src/common/pico_time/time.c.obj
 .comment       0x00000044       0x45 CMakeFiles/antares_flight_computer.dir/C_/pi_sdk/pico-sdk/src/rp2_common/hardware_timer/timer.c.obj
 .comment       0x00000044       0x45 CMakeFiles/antares_flight_computer.dir/C_/pi_sdk/pico-sdk/src/common/pico_util/pheap.c.obj
 .comment       0x00000044       0x45 CMakeFiles/antares_flight_computer.dir/C_/pi_sdk/pico-sdk/src/rp2_common/hardware_clocks/clocks.c.obj
 .comment       0x00000044       0x45 CMakeFiles/antares_flight_computer.dir/C_/pi_sdk/pico-sdk/src/rp2_common/hardware_pll/pll.c.obj
 .comment       0x00000044       0x45 CMakeFiles/antares_flight_computer.dir/C_/pi_sdk/pico-sdk/src/rp2_common/hardware_watchdog/watchdog.c.obj
 .comment       0x00000044       0x45 CMakeFiles/antares_flight_computer.dir/C_/pi_sdk/pico-sdk/src/rp2_common/hardware_xosc/xosc.c.obj
 .comment       0x00000044       0x45 CMakeFiles/antares_flight_computer.dir/C_/pi_sdk/pico-sdk/src/rp2_common/pico_runtime/runtime.c.obj
 .comment       0x00000044       0x45 CMakeFiles/antares_flight_computer.dir/C_/pi_sdk/pico-sdk/src/rp2_common/pico_printf/printf.c.obj
 .comment       0x00000044       0x45 CMakeFiles/antares_flight_computer.dir/C_/pi_sdk/pico-sdk/src/rp2_common/pico_bootrom/bootrom.c.obj
 .comment       0x00000044       0x45 CMakeFiles/antares_flight_computer.dir/C_/pi_sdk/pico-sdk/src/rp2_common/pico_double/double_init_rom.c.obj
 .comment       0x00000044       0x45 CMakeFiles/antares_flight_computer.dir/C_/pi_sdk/pico-sdk/src/rp2_common/pico_float/float_init_rom.c.obj
 .comment       0x00000044       0x45 CMakeFiles/antares_flight_computer.dir/C_/pi_sdk/pico-sdk/src/rp2_common/pico_malloc/pico_malloc.c.obj
 .comment       0x00000044       0x45 CMakeFiles/antares_flight_computer.dir/C_/pi_sdk/pico-sdk/src/rp2_common/pico_standard_link/binary_info.c.obj
 .comment       0x00000044       0x45 CMakeFiles/antares_flight_computer.dir/C_/pi_sdk/pico-sdk/src/rp2_common/pico_stdio/stdio.c.obj
 .comment       0x00000044       0x45 CMakeFiles/antares_flight_computer.dir/C_/pi_sdk/pico-sdk/src/rp2_common/pico_multicore/multicore.c.obj

.debug_line_str
                0x00000000       0xc9
 .debug_line_str
                0x00000000       0xc9 C:/Program Files (x86)/Arm GNU Toolchain arm-none-eabi/13.2 Rel1/bin/../lib/gcc/arm-none-eabi/13.2.1/thumb/v6-m/nofp\libgcc.a(_dvmd_tls.o)

.debug_frame    0x00000000       0x28
 .debug_frame   0x00000000       0x28 C:/Program Files (x86)/Arm GNU Toolchain arm-none-eabi/13.2 Rel1/bin/../lib/gcc/arm-none-eabi/13.2.1/thumb/v6-m/nofp\libc.a(libc_a-strlen-stub.o)
